A=1'd0; B=1'd0; #10;
A=1'd0; B=1'd1; #10;
A=1'd1; B=1'd0; #10;
A=1'd1; B=1'd1; #10;
