VAR_A=2'd0; var2=2'd0; #10;
VAR_A=2'd0; var2=2'd1; #10;
VAR_A=2'd0; var2=2'd2; #10;
VAR_A=2'd0; var2=2'd3; #10;
VAR_A=2'd1; var2=2'd0; #10;
VAR_A=2'd1; var2=2'd1; #10;
VAR_A=2'd1; var2=2'd2; #10;
VAR_A=2'd1; var2=2'd3; #10;
VAR_A=2'd2; var2=2'd0; #10;
VAR_A=2'd2; var2=2'd1; #10;
VAR_A=2'd2; var2=2'd2; #10;
VAR_A=2'd2; var2=2'd3; #10;
VAR_A=2'd3; var2=2'd0; #10;
VAR_A=2'd3; var2=2'd1; #10;
VAR_A=2'd3; var2=2'd2; #10;
VAR_A=2'd3; var2=2'd3; #10;
