A=1'd0; B=3'd0; #10;
A=1'd0; B=3'd1; #10;
A=1'd0; B=3'd2; #10;
A=1'd0; B=3'd3; #10;
A=1'd0; B=3'd4; #10;
A=1'd0; B=3'd5; #10;
A=1'd0; B=3'd6; #10;
A=1'd0; B=3'd7; #10;
A=1'd1; B=3'd0; #10;
A=1'd1; B=3'd1; #10;
A=1'd1; B=3'd2; #10;
A=1'd1; B=3'd3; #10;
A=1'd1; B=3'd4; #10;
A=1'd1; B=3'd5; #10;
A=1'd1; B=3'd6; #10;
A=1'd1; B=3'd7; #10;
