A=3'd0; B=1'd0; #10;
A=3'd0; B=1'd1; #10;
A=3'd1; B=1'd0; #10;
A=3'd1; B=1'd1; #10;
A=3'd2; B=1'd0; #10;
A=3'd2; B=1'd1; #10;
A=3'd3; B=1'd0; #10;
A=3'd3; B=1'd1; #10;
A=3'd4; B=1'd0; #10;
A=3'd4; B=1'd1; #10;
A=3'd5; B=1'd0; #10;
A=3'd5; B=1'd1; #10;
A=3'd6; B=1'd0; #10;
A=3'd6; B=1'd1; #10;
A=3'd7; B=1'd0; #10;
A=3'd7; B=1'd1; #10;
