A=1'd0; B=2'd0; C=1'd0; #10;
A=1'd0; B=2'd0; C=1'd1; #10;
A=1'd0; B=2'd1; C=1'd0; #10;
A=1'd0; B=2'd1; C=1'd1; #10;
A=1'd0; B=2'd2; C=1'd0; #10;
A=1'd0; B=2'd2; C=1'd1; #10;
A=1'd0; B=2'd3; C=1'd0; #10;
A=1'd0; B=2'd3; C=1'd1; #10;
A=1'd1; B=2'd0; C=1'd0; #10;
A=1'd1; B=2'd0; C=1'd1; #10;
A=1'd1; B=2'd1; C=1'd0; #10;
A=1'd1; B=2'd1; C=1'd1; #10;
A=1'd1; B=2'd2; C=1'd0; #10;
A=1'd1; B=2'd2; C=1'd1; #10;
A=1'd1; B=2'd3; C=1'd0; #10;
A=1'd1; B=2'd3; C=1'd1; #10;
